<html>
<body>
<pre>
<h1>µVision Build Log</h1>
<h2>Tool Versions:</h2>
IDE-Version: ¦ÌVision V5.13.0.0
Copyright (C) 2014 ARM Ltd and ARM Germany GmbH. All rights reserved.
License Information: ss 8615876376419, ss, LIC=D0D7S-LK8RH-HL9CL-00Z3L-H0EQQ-PWN0F
 
Tool Versions:
Toolchain:       MDK-ARM Standard  Version: 5.13.0.0
Toolchain Path:  D:\keil5\keil5\ARM\ARMCC\Bin
C Compiler:      Armcc.exe V5.05 update 1 (build 106)
Assembler:       Armasm.exe V5.05 update 1 (build 106)
Linker/Locator:  ArmLink.exe V5.05 update 1 (build 106)
Library Manager: ArmAr.exe V5.05 update 1 (build 106)
Hex Converter:   FromElf.exe V5.05 update 1 (build 106)
CPU DLL:         SARMCM3.DLL V5.13.0.0
Dialog DLL:      DARMSTM.DLL V1.65.0.0
Target DLL:      STLink\ST-LINKIII-KEIL_SWO.dll V2.0.14.0_KEIL
Dialog DLL:      TARMSTM.DLL  V1.64.0.0
 
<h2>Project:</h2>
D:\xuexi\graduate_project\stm32_control2\Fwlib-Template\Project\BH-F103.uvprojx
Project File Date:  04/30/2023

<h2>Output:</h2>
Build target 'Target 1'
compiling main.c...
..\User\delay\delay.h(10): warning:  #1-D: last line of file ends without a newline
  void delay_ms(u16 nms);
..\User\Data_handle\Data_handle.h(7): warning:  #1-D: last line of file ends without a newline
  #endif
..\User\timer\time.h(7): warning:  #1-D: last line of file ends without a newline
  #endif
..\User\main.c(65): warning:  #177-D: variable "max_temp" was declared but never referenced
        uint8_t max_temp=24;
..\User\main.c(66): warning:  #177-D: variable "min_temp" was declared but never referenced
        uint8_t min_temp=24;
..\User\main.c(67): warning:  #177-D: variable "max_humid" was declared but never referenced
        uint8_t max_humid=70;
..\User\main.c(68): warning:  #177-D: variable "min_humid" was declared but never referenced
        uint8_t min_humid=65;
..\User\main.c: 7 warnings, 0 errors
compiling USART1.c...
..\User\delay\delay.h(10): warning:  #1-D: last line of file ends without a newline
  void delay_ms(u16 nms);
..\User\USART\USART1.c(203): warning:  #1-D: last line of file ends without a newline
  }
..\User\USART\USART1.c: 2 warnings, 0 errors
linking...
Program Size: Code=4136 RO-data=336 RW-data=88 ZI-data=1536  
FromELF: creating hex file...
".\Objects\BH-F103.axf" - 0 Error(s), 9 Warning(s).

<h2>Collection of Component include folders:</h2>
  D:\xuexi\graduate_project\stm32_control2\Fwlib-Template\Project\RTE
  D:\keil5\Keil\STM32F1xx_DFP\2.1.0

<h2>Collection of Component Files used:</h2>
</pre>
</body>
</html>
